// Jest Snapshot v1, https://goo.gl/fbAQLP

exports[`Component matches snapshot 1`] = `
.c0 {
  padding: 20px;
  color: #000000;
  background: #f8f8f8;
  border-radius: 4px;
  border-left: 6px solid #000000;
}

.c0 p,
.c0 div {
  font-size: 16px;
  color: #000000;
  font-family: arial,sans-serif;
}

<aside
  class="c0"
  color="blue"
>
  children
</aside>
`;
