// Jest Snapshot v1, https://goo.gl/fbAQLP

exports[`Component matches snapshot 1`] = `
<DocumentFragment>
  .c0 {
  margin-bottom: 8px;
  font-size: 20px;
  font-family: clear-sans-text,arial,sans-serif;
  font-weight: 600;
  color: #000000;
  line-height: 40px;
}

<h4
    class="c0"
  >
    Required API scopes
  </h4>
  .c0 {
  display: inline-block;
  margin-bottom: 16px;
  padding: 4px 10px;
  border-radius: 4px;
  background: #f3fbfb;
  color: #259098;
  font-family: clear-sans-text,arial,sans-serif;
  font-size: 13px;
  font-weight: 600;
  -webkit-letter-spacing: 0.03em;
  -moz-letter-spacing: 0.03em;
  -ms-letter-spacing: 0.03em;
  letter-spacing: 0.03em;
  text-transform: uppercase;
}

<span
    class="c0"
  >
    External Gateway
  </span>
  .c0 {
  padding: 20px 20px;
  border: 1px solid #E0E0E0;
  list-style: none;
  margin-bottom: 20px;
  border-radius: 4px;
}

.c2 {
  margin: 0px;
}

.c1 + .c1 {
  margin-top: 20px;
  padding-top: 20px;
  border-top: 1px solid #E0E0E0;
}

.c3 {
  display: inline-block;
  font-size: 15px;
  font-weight: 600;
  color: #0B2145;
}

.c4 {
  margin: 12px 0 8px;
  font-family: clear-sans-text,arial,sans-serif;
  font-size: 14px;
  color: #6C6c6c;
}

.c5 {
  padding: 0;
  margin: 0;
  list-style: none;
}

.c7 {
  margin: 0;
  font-size: 15px;
  line-height: 28px;
}

.c6 + .c6 {
  margin-top: 6px;
}

.c8 {
  display: inline-block;
  min-width: 56px;
  margin-right: 10px;
  font-weight: 700;
  text-transform: uppercase;
  color: #45B0FF;
}

.c9 {
  font-family: clear-sans-text,"Roboto Mono",monospace;
  color: #0B2145;
}

<ul
    class="c0"
  >
    <li
      class="c1 c2"
    >
      <code
        class="c3"
      >
        webhooks:signature-keys:read
      </code>
      <p
        class="c4"
      >
        Granting this scope also permits the following operations:
      </p>
      <ul
        class="c5"
      >
        <li
          class="c6 c7"
        >
          <span
            class="c8"
            type="GET"
          >
            GET
          </span>
          <span
            class="c9"
          >
            /webhooks/v1/signature-keys
          </span>
        </li>
        <li
          class="c6 c7"
        >
          <span
            class="c8"
            type="GET"
          >
            GET
          </span>
          <span
            class="c9"
          >
            /webhooks/v1/signature-keys/{keyId}
          </span>
        </li>
      </ul>
    </li>
  </ul>
</DocumentFragment>
`;
