// Jest Snapshot v1, https://goo.gl/fbAQLP

exports[`Component matches snapshot 1`] = `
.c0 {
  position: fixed;
  bottom: 40px;
  right: 10px;
  will-change: visibility,opacity,transition;
  cursor: default;
  visibility: hidden;
  opacity: 0;
  -webkit-transition: visibility 0s linear 0.5s, opacity 0.5s;
  transition: visibility 0s linear 0.5s, opacity 0.5s;
}

.c2 {
  width: 60px;
  height: 60px;
  border: none;
  border-radius: 50%;
  text-align: center;
  box-shadow: 0 5px 10px 0 rgba(73,151,222,0.2);
  background: #fff;
  color: #3048D1;
  overflow: hidden;
  outline: none;
  cursor: inherit;
  -webkit-transition: all 0.5s;
  transition: all 0.5s;
}

.c2:hover {
  background: #0D326E;
  color: #fff;
}

.c2:focus,
.c2:active {
  background: #0B2145;
  color: #fff;
}

.c3 {
  display: block;
  font-size: 24px;
}

.c1:hover .c3 {
  -webkit-animation: frYDOQ 0.15s ease-in, kjJcRz 0.15s 0.15s ease-out;
  animation: frYDOQ 0.15s ease-in, kjJcRz 0.15s 0.15s ease-out;
}

<div
  class="c0"
>
  <button
    class="c1 c2"
  >
    <i
      class="c3 cb-icon-arrow-up"
    />
  </button>
</div>
`;
