// Jest Snapshot v1, https://goo.gl/fbAQLP

exports[`Component matches snapshot 1`] = `
<pre
  class="prism-code language-turbo-pascal"
  style="color: rgb(156, 220, 254); background-color: rgb(30, 30, 30);"
>
  <div
    class="token-line"
    style="color: rgb(156, 220, 254);"
  >
    <span
      class="token plain"
    >
      hello world
    </span>
  </div>
</pre>
`;
