// Jest Snapshot v1, https://goo.gl/fbAQLP

exports[`Component matches snapshot 1`] = `
.c3 {
  width: 100%;
}

.c0 {
  display: -webkit-box;
  display: -webkit-flex;
  display: -ms-flexbox;
  display: flex;
  -webkit-box-pack: justify;
  -webkit-justify-content: space-between;
  -ms-flex-pack: justify;
  justify-content: space-between;
  margin: 0 7%;
  margin-left: 50px;
  padding: 0 5%;
  padding-left: 0;
  border-bottom: 1px solid #D4D2E3;
}

.c2 {
  max-width: 170px;
  display: block;
  margin: 40px 0px 20px 40px;
}

.c1 {
  text-align: center;
  margin-bottom: 40px;
}

.c4 {
  max-width: 70%;
  margin-left: 50px;
  margin-right: auto;
  text-align: left;
  font-size: 0.8em;
  color: #000000;
}

<div
  class="css-1y75s01"
  role="contentinfo"
>
  <div
    class="c0"
  />
  <div
    class="c1"
  >
    <div
      class="c2"
    >
      <div
        class="c3"
      >
        <img
          alt="ClearBank"
          src=""
        />
      </div>
    </div>
    <p
      class="c4 long-primer"
    >
      <h5>
        Copyright © ClearBank Limited 
        2026
        . All rights reserved.
      </h5>
      ClearBank Limited is authorised by the Prudential Regulation Authority and regulated by the Financial Conduct Authority and the Prudential Regulation Authority (FRN: 754568). Registered in England and Wales under Company Number 09736376. Registered Address:  ClearBank Limited, Level 27, The Broadgate Tower, 20 Primrose Street, London, United Kingdom, EC2A 2EW.
      <br />
      <br />
      ClearBank Limited is a subscriber to the 
      <a
        href="https://www.wearepay.uk/what-we-do/payment-systems/access-to-payment-systems/code-of-conduct-for-indirect-access-providers/"
        rel="noopener noreferrer"
        target="_blank"
      >
        Code of Conduct for Indirect Access Providers
      </a>
       in respect of the indirect access services which it provides to its customers.
      <br />
      <br />
      ClearBank Europe N.V. is authorised by the European Central Bank and regulated by De Nederlandsche Bank. ClearBank Europe N.V. is registered at the Chamber of Commerce Amsterdam Trade Registry under number 89463366. Registered address: ClearBank Europe N.V., Keizersgracht 391A, 1016 EJ Amsterdam. VAT ID is NL864989829B01.
      <br />
      <br />
      ClearBank Group Holdings Limited is a Prudential Regulation Authority approved parent holding company (FRN: 987231). Registered in England and Wales under Company Number 14254435. Registered Address: ClearBank Group Holdings Limited, Level 27, The Broadgate Tower, 20 Primrose Street, London, United Kingdom, EC2A 2EW.
    </p>
  </div>
</div>
`;
