// Jest Snapshot v1, https://goo.gl/fbAQLP

exports[`Component matches snapshot 1`] = `
<DocumentFragment>
  .c0 {
  position: -webkit-sticky;
  position: sticky;
  top: 220px;
  right: 0;
  max-height: calc(100vh - 220px);
  overflow-y: scroll;
  color: #fff;
  height: 100%;
  -webkit-user-select: none;
  -moz-user-select: none;
  -ms-user-select: none;
  user-select: none;
  padding: 50px 23px 0px 23px;
  border-left: 3px solid #747474;
}

.c0:scrollbar {
  display: none;
}

.c1 {
  margin: 0;
  color: #000000;
  font-weight: 600;
  font-size: 32px;
  cursor: default;
  line-height: 38px;
}

.c2 {
  list-style: none;
  margin-top: 15px;
}

<div
    class="c0"
    id="pageMenu"
  >
    <h5
      class="c1"
    >
      On this page:
    </h5>
    <ul
      class="c2"
    />
  </div>
</DocumentFragment>
`;
