// Jest Snapshot v1, https://goo.gl/fbAQLP

exports[`Component matches snapshot 1`] = `
.c1 {
  position: relative;
}

.c2 {
  display: -webkit-box;
  display: -webkit-flex;
  display: -ms-flexbox;
  display: flex;
  padding: 15px;
  color: #000;
}

.c2:hover {
  color: #478E96;
}

.c2:after {
  margin-left: auto;
  padding-top: 2px;
  height: 17px;
  content: url(/assets/images/leaf-menu-icon.png);
}

.c4 {
  min-width: 140px;
  overflow: hidden;
  display: block;
  visibility: hidden;
  z-index: 1;
  width: 75%;
  color: #000;
  position: absolute;
  top: 0%;
  left: 100%;
  background: #F8F8F8;
  border-radius: 0px 10px 10px 10px;
  list-style: none;
}

.c0:hover .c3 {
  visibility: visible;
  -webkit-animation: gejqHV 200ms cubic-bezier(0.19,1,0.22,1);
  animation: gejqHV 200ms cubic-bezier(0.19,1,0.22,1);
  -webkit-transform-origin: top right;
  -ms-transform-origin: top right;
  transform-origin: top right;
}

<li
  class="c0 c1"
>
  <div
    class="c2"
  />
  <ul
    class="c3 c4"
  />
</li>
`;
