// Jest Snapshot v1, https://goo.gl/fbAQLP

exports[`Component matches snapshot 1`] = `
.c0 {
  display: -webkit-box;
  display: -webkit-flex;
  display: -ms-flexbox;
  display: flex;
  width: 100%;
  min-height: 60px;
  -webkit-align-items: center;
  -webkit-box-align: center;
  -ms-flex-align: center;
  align-items: center;
  -webkit-box-pack: justify;
  -webkit-justify-content: space-between;
  -ms-flex-pack: justify;
  justify-content: space-between;
  position: relative;
}

.c3 {
  display: block;
  z-index: 100;
  width: auto;
  -webkit-flex-basis: 44px;
  -ms-flex-preferred-size: 44px;
  flex-basis: 44px;
  margin: 5px 15px;
}

.c1 {
  display: -webkit-box;
  display: -webkit-flex;
  display: -ms-flexbox;
  display: flex;
  height: 100%;
  padding: 40px 14px 40px 60px;
  -webkit-align-items: center;
  -webkit-box-align: center;
  -ms-flex-align: center;
  align-items: center;
}

.c1 svg {
  display: block;
  width: 244px;
}

.c4 {
  border: none;
  background: none;
  cursor: pointer;
  padding: 0;
  outline: none;
}

.c9 {
  margin-left: auto;
  margin-right: 30px;
}

.c6 {
  display: -webkit-box;
  display: -webkit-flex;
  display: -ms-flexbox;
  display: flex;
  margin-right: 140px;
  -webkit-align-items: center;
  -webkit-box-align: center;
  -ms-flex-align: center;
  align-items: center;
  gap: 8px;
  padding: 8px 16px;
  border: 1px solid #E0E0E0;
  border-radius: 5px;
  background: #F8F8F8;
  color: #8F9DB0;
  font-size: 14px;
  cursor: pointer;
  min-width: 350px;
  max-width: 450px;
}

.c6 svg {
  width: 16px;
  height: 16px;
  -webkit-flex-shrink: 0;
  -ms-flex-negative: 0;
  flex-shrink: 0;
}

.c5 {
  display: -webkit-box;
  display: -webkit-flex;
  display: -ms-flexbox;
  display: flex;
  -webkit-align-items: center;
  -webkit-box-align: center;
  -ms-flex-align: center;
  align-items: center;
  margin-left: auto;
}

.c7 {
  -webkit-flex: 1;
  -ms-flex: 1;
  flex: 1;
  text-align: left;
  color: #8F9DB0;
}

.c8 {
  font-size: 12px;
  border: 1px solid #E0E0E0;
  border-radius: 3px;
  padding: 1px 6px;
  color: #8F9DB0;
}

.c2 {
  width: 100%;
}

@media (min-width:992px) {
  .c0 {
    -webkit-box-flex: 0;
    -webkit-flex-grow: 0;
    -ms-flex-positive: 0;
    flex-grow: 0;
  }
}

@media only screen and (min-width:992px) {
  .c3 {
    display: none;
  }
}

@media screen and (min-width:768px) {
  .c9 {
    margin-right: 60px;
  }
}

@media screen and (min-width:992px) {
  .c9 {
    margin-right: 30px;
  }
}

@media screen and (min-width:1200px) {
  .c9 {
    margin-right: 60px;
  }
}

@media (max-width:992px) {
  .c6 {
    display: none;
  }
}

<div
  class="header"
>
  <div
    class="c0"
  >
    <a
      class="c1"
      href="/uk"
    >
      <div
        class="c2"
      >
        <img
          alt="ClearBank"
          src=""
        />
      </div>
    </a>
    <div
      class="c3"
      data-cy="burger-menu"
    >
      <button
        class="c4"
      >
        <div />
      </button>
    </div>
    <div
      class="c5"
    >
      <button
        aria-label="Search documentation"
        class="c6"
        data-cy="search-trigger"
      >
        <svg
          fill="none"
          viewBox="0 0 20 20"
          xmlns="http://www.w3.org/2000/svg"
        >
          <path
            d="M9 17A8 8 0 1 0 9 1a8 8 0 0 0 0 16zM19 19l-4.35-4.35"
            stroke="currentColor"
            stroke-linecap="round"
            stroke-linejoin="round"
            stroke-width="1.5"
          />
        </svg>
        <span
          class="c7"
        >
          Search docs…
        </span>
        <kbd
          class="c8"
        >
          Ctrl K
        </kbd>
      </button>
      <div
        class="c9"
      >
        <label
          class="region-switch"
        >
          <span
            class="region-switch-row"
          >
            <span
              class="react-toggle-label"
            >
              <strong>
                API Region
              </strong>
            </span>
            <span
              class="region-switch-toggle-wrapper"
            >
              <div
                class="react-toggle"
              >
                <div
                  class="react-toggle-track"
                >
                  <div
                    class="react-toggle-track-check"
                  />
                  <div
                    class="react-toggle-track-x"
                  />
                </div>
                <div
                  class="react-toggle-thumb"
                />
                <input
                  class="react-toggle-screenreader-only"
                  type="checkbox"
                />
              </div>
              <span
                class="region-switch-caption"
              >
                UK      EU
              </span>
            </span>
          </span>
        </label>
      </div>
    </div>
  </div>
</div>
`;
