// Jest Snapshot v1, https://goo.gl/fbAQLP

exports[`Component matches snapshot 1`] = `
.c0 {
  display: -webkit-box;
  display: -webkit-flex;
  display: -ms-flexbox;
  display: flex;
  width: 100%;
  min-height: 60px;
  -webkit-align-items: center;
  -webkit-box-align: center;
  -ms-flex-align: center;
  align-items: center;
  -webkit-box-pack: justify;
  -webkit-justify-content: space-between;
  -ms-flex-pack: justify;
  justify-content: space-between;
  position: relative;
}

.c3 {
  display: block;
  z-index: 100;
  width: auto;
  -webkit-flex-basis: 44px;
  -ms-flex-preferred-size: 44px;
  flex-basis: 44px;
  margin: 5px 15px;
}

.c1 {
  display: -webkit-box;
  display: -webkit-flex;
  display: -ms-flexbox;
  display: flex;
  height: 100%;
  padding: 40px 14px 40px 60px;
  -webkit-align-items: center;
  -webkit-box-align: center;
  -ms-flex-align: center;
  align-items: center;
}

.c1 svg {
  display: block;
  width: 244px;
}

.c4 {
  border: none;
  background: none;
  cursor: pointer;
  padding: 0;
  outline: none;
}

.c2 {
  width: 100%;
}

@media (min-width:992px) {
  .c0 {
    width: 270px;
    -webkit-box-flex: 0;
    -webkit-flex-grow: 0;
    -ms-flex-positive: 0;
    flex-grow: 0;
  }
}

@media only screen and (min-width:992px) {
  .c3 {
    display: none;
  }
}

<div
  class="header"
>
  <div
    class="c0"
  >
    <a
      class="c1"
      href="/"
    >
      <div
        class="c2"
      >
        <img
          alt="ClearBank"
          src=""
        />
      </div>
    </a>
    <div
      class="c3"
      data-cy="burger-menu"
    >
      <button
        class="c4"
      >
        <div />
      </button>
    </div>
  </div>
</div>
`;
