// Jest Snapshot v1, https://goo.gl/fbAQLP

exports[`Component matches snapshot 1`] = `
<DocumentFragment>
  .c0 {
  margin-top: 25px;
  margin-bottom: 25px;
  padding: 25px;
  border: 1px solid #E0E0E0;
  border-radius: 5px;
}

.c1 {
  display: -webkit-box;
  display: -webkit-flex;
  display: -ms-flexbox;
  display: flex;
  -webkit-align-items: baseline;
  -webkit-box-align: baseline;
  -ms-flex-align: baseline;
  align-items: baseline;
  -webkit-flex-wrap: wrap;
  -ms-flex-wrap: wrap;
  flex-wrap: wrap;
}

.c12 {
  font-family: "Source Sans Pro",sans-serif;
  font-weight: 400;
  font-size: 16px;
  color: #6C7f98;
  line-height: 1.75;
}

.c12 code {
  border-radius: 10px;
  padding: 5px 10px;
  white-space: nowrap;
  font-family: "Roboto Mono",monospace;
  font-weight: 400;
  font-size: 15px;
  color: #454B6C;
  background-color: #F2F2F2;
}

.c2 {
  margin-right: 5px;
  margin-bottom: 15px;
  padding: 5px 10px;
  font-family: "Roboto Mono",monospace;
  font-weight: 400;
  font-size: 14px;
  line-height: 1.75;
  color: #454B6C;
  background-color: #F2F2F2;
  border-radius: 10px;
  white-space: nowrap;
}

.c3 {
  display: -webkit-box;
  display: -webkit-flex;
  display: -ms-flexbox;
  display: flex;
  margin-right: auto;
}

.c4 {
  display: block;
  margin-right: 10px;
}

.c4:not(:last-of-type):after {
  content: ',';
}

.c5 {
  line-height: 20px;
  font-size: 13px;
  font-family: "Roboto Mono",monospace;
  color: #678d4b;
  text-transform: lowercase;
}

.c6 {
  line-height: 20px;
  font-size: 13px;
  font-family: "Roboto Mono",monospace;
  color: #9b9b9b;
  text-transform: capitalize;
}

.c7 {
  line-height: 20px;
  font-size: 13px;
  font-family: "Roboto Mono",monospace;
  color: #F00000;
  text-transform: uppercase;
}

.c8 {
  display: -webkit-box;
  display: -webkit-flex;
  display: -ms-flexbox;
  display: flex;
  margin-bottom: 15px;
  list-style: none;
}

.c10 {
  display: block;
}

.c10 + .c9 {
  margin-left: 10px;
}

.c11 {
  padding: 5px 10px;
  text-transform: capitalize;
  font-size: 12px;
  font-family: "Roboto Mono",monospace;
  text-transform: uppercase;
  color: #fff;
  background: #00CF8A;
}

@media screen and (min-width:1800px) {
  .c1 {
    -webkit-flex-wrap: nowrap;
    -ms-flex-wrap: nowrap;
    flex-wrap: nowrap;
  }
}

@media screen and (min-width:576px) {
  .c12 {
    font-size: 18px;
  }
}

<div
    class="c0"
  >
    <header
      class="c1"
    >
      <h4
        class="c2"
      >
        name
      </h4>
      <ul
        class="c3"
      >
        <li
          class="c4"
        >
          <span
            class="c5"
          >
            type
          </span>
        </li>
        <li
          class="c4"
        >
          <span
            class="c6"
          >
            header
          </span>
        </li>
        <li
          class="c4"
        >
          <span
            class="c7"
          >
            Required
          </span>
        </li>
      </ul>
      <ul
        class="c8"
      >
        <li
          class="c9 c10"
        >
          <div
            class="c11"
            type="post"
          >
            post
          </div>
        </li>
      </ul>
    </header>
    <div
      class="c12"
    >
      body
    </div>
  </div>
</DocumentFragment>
`;
