// Jest Snapshot v1, https://goo.gl/fbAQLP

exports[`Component matches snapshot 1`] = `
.c1 {
  display: block;
  height: 40px;
  width: 40px;
  background-color: #F3F8FB;
  color: #031563;
  border-radius: 50%;
  -webkit-transition: all 0.5s;
  transition: all 0.5s;
  overflow: hidden;
}

.c1:hover {
  background: #0D326E;
  color: #fff;
}

.c1:focus,
.c1:active {
  background: #0B2145;
  color: #fff;
}

.c2 {
  display: block;
  padding: 10px;
  font-size: 20px;
}

.c0:hover .c2 {
  -webkit-animation: frYDOQ 0.15s ease-in, kjJcRz 0.15s 0.15s ease-out;
  animation: frYDOQ 0.15s ease-in, kjJcRz 0.15s 0.15s ease-out;
}

<div
  class="popover-element"
>
  <a
    class="c0 c1"
    href="file/path.mdx"
    target="_blank"
  >
    <i
      class="c2 cb-icon-edit"
    />
  </a>
</div>
`;
