// Jest Snapshot v1, https://goo.gl/fbAQLP

exports[`Component matches snapshot 1`] = `
<DocumentFragment>
  .c2 {
  position: relative;
  display: -webkit-box;
  display: -webkit-flex;
  display: -ms-flexbox;
  display: flex;
  -webkit-align-items: center;
  -webkit-box-align: center;
  -ms-flex-align: center;
  align-items: center;
  -webkit-box-pack: justify;
  -webkit-justify-content: space-between;
  -ms-flex-pack: justify;
  justify-content: space-between;
  width: 100%;
  height: 96px;
}

.c3 {
  box-sizing: border-box;
  display: -webkit-box;
  display: -webkit-flex;
  display: -ms-flexbox;
  display: flex;
  -webkit-align-items: center;
  -webkit-box-align: center;
  -ms-flex-align: center;
  align-items: center;
  height: 96px;
  padding: 18px 20px;
}

.c3 svg {
  display: block;
  width: 130px;
  max-height: 44px;
}

.c5 {
  display: -webkit-box;
  display: -webkit-flex;
  display: -ms-flexbox;
  display: flex;
  -webkit-align-items: center;
  -webkit-box-align: center;
  -ms-flex-align: center;
  align-items: center;
  gap: 24px;
  margin-left: auto;
  margin-right: 30px;
}

.c6 {
  display: -webkit-box;
  display: -webkit-flex;
  display: -ms-flexbox;
  display: flex;
  -webkit-align-items: center;
  -webkit-box-align: center;
  -ms-flex-align: center;
  align-items: center;
  gap: 8px;
  padding: 8px 16px;
  border: 1px solid #E0E0E0;
  border-radius: 5px;
  background: #F8F8F8;
  color: #8F9DB0;
  font-size: 14px;
  cursor: pointer;
  min-width: 350px;
  max-width: 450px;
}

.c6 svg {
  width: 16px;
  height: 16px;
  -webkit-flex-shrink: 0;
  -ms-flex-negative: 0;
  flex-shrink: 0;
}

.c7 {
  -webkit-flex: 1;
  -ms-flex: 1;
  flex: 1;
  text-align: left;
  color: #8F9DB0;
}

.c8 {
  font-size: 12px;
  border: 1px solid #E0E0E0;
  border-radius: 3px;
  padding: 1px 6px;
  color: #8F9DB0;
}

.c4 {
  width: 100%;
}

.c13 {
  display: -webkit-box;
  display: -webkit-flex;
  display: -ms-flexbox;
  display: flex;
  -webkit-flex-wrap: wrap;
  -ms-flex-wrap: wrap;
  flex-wrap: wrap;
  -webkit-box-pack: start;
  -webkit-justify-content: flex-start;
  -ms-flex-pack: start;
  justify-content: flex-start;
  gap: 24px;
  margin: 0 20px;
  padding: 0;
}

.c15 {
  max-width: 170px;
  display: block;
  margin: 40px 0 20px 20px;
}

.c14 {
  text-align: center;
  margin-bottom: 40px;
}

.c16 {
  max-width: calc(100% - 40px);
  margin: 0 20px;
  text-align: left;
  font-size: 0.8em;
  color: #000000;
}

.c17 {
  position: fixed;
  bottom: 40px;
  right: 10px;
  will-change: visibility,opacity,transition;
  cursor: default;
  visibility: hidden;
  opacity: 0;
  -webkit-transition: visibility 0s linear 0.5s, opacity 0.5s;
  transition: visibility 0s linear 0.5s, opacity 0.5s;
}

.c19 {
  width: 60px;
  height: 60px;
  border: none;
  border-radius: 50%;
  text-align: center;
  box-shadow: 0 5px 10px 0 rgba(73,151,222,0.2);
  background: #fff;
  color: #000000;
  overflow: hidden;
  outline: none;
  cursor: inherit;
  -webkit-transition: all 0.5s;
  transition: all 0.5s;
}

.c19:hover {
  background: #000000;
  color: #fff;
}

.c19:focus,
.c19:active {
  background: #0B2145;
  color: #fff;
}

.c21 {
  display: block;
  font-size: 24px;
}

.c18:hover .c20 {
  -webkit-animation: hQVSJM 0.15s ease-in, dSelxZ 0.15s 0.15s ease-out;
  animation: hQVSJM 0.15s ease-in, dSelxZ 0.15s 0.15s ease-out;
}

.c9 {
  box-sizing: border-box;
  display: -webkit-box;
  display: -webkit-flex;
  display: -ms-flexbox;
  display: flex;
  -webkit-align-items: stretch;
  -webkit-box-align: stretch;
  -ms-flex-align: stretch;
  align-items: stretch;
  -webkit-box-pack: start;
  -webkit-justify-content: flex-start;
  -ms-flex-pack: start;
  justify-content: flex-start;
  -webkit-flex-wrap: wrap;
  -ms-flex-wrap: wrap;
  flex-wrap: wrap;
  gap: 4px 12px;
  width: 100%;
  padding: 8px 20px;
  overflow: visible;
  background: #F8F8F8;
}

.c0 {
  position: relative;
  display: -ms-grid;
  display: grid;
  grid-template-areas: 'header' 'content' 'footer';
  grid-template-rows: var(--header-height,160px) 1fr auto;
  grid-template-columns: minmax(0,1fr);
  min-height: 95vh;
}

.c1 {
  grid-area: header;
  -ms-grid-column: 1;
  -ms-grid-column-span: 3;
  -ms-grid-row: 1;
  position: fixed;
  left: 0;
  right: 0;
  background: #fff;
  z-index: 10;
}

.c10 {
  grid-area: content;
  -ms-grid-column: 2;
  -ms-grid-row: 2;
  display: -webkit-box;
  display: -webkit-flex;
  display: -ms-flexbox;
  display: flex;
  -webkit-flex-direction: column;
  -ms-flex-direction: column;
  flex-direction: column;
  min-width: 0;
  padding: 24px 20px 20px;
}

.c11 {
  -webkit-flex: 1 1 auto;
  -ms-flex: 1 1 auto;
  flex: 1 1 auto;
  width: 100%;
  max-width: 1400px;
  margin-top: 0;
  min-width: 0;
}

.c12 {
  grid-area: footer;
  -ms-grid-column: 1;
  -ms-grid-row: 3;
  background: #fff;
}

@media screen and (min-width:1200px) {
  .c2 {
    height: auto;
    min-height: 60px;
    -webkit-box-flex: 0;
    -webkit-flex-grow: 0;
    -ms-flex-positive: 0;
    flex-grow: 0;
  }
}

@media screen and (min-width:768px) {
  .c3 {
    padding-left: 40px;
  }
}

@media screen and (min-width:1200px) {
  .c3 {
    height: auto;
    padding: 40px 14px 30px 40px;
  }

  .c3 svg {
    width: 244px;
    max-height: none;
  }
}

@media screen and (min-width:768px) {
  .c5 {
    margin-right: 60px;
  }
}

@media screen and (min-width:992px) {
  .c5 {
    margin-right: 30px;
  }
}

@media screen and (min-width:1200px) {
  .c5 {
    margin-right: 60px;
  }
}

@media screen and (max-width:768px) {
  .c5 {
    gap: 16px;
    margin-right: 14px;
  }
}

@media (max-width:992px) {
  .c6 {
    min-width: 220px;
    max-width: 260px;
    padding: 8px 12px;
  }
}

@media (max-width:768px) {
  .c6 {
    min-width: auto;
    width: 40px;
    height: 40px;
    -webkit-box-pack: center;
    -webkit-justify-content: center;
    -ms-flex-pack: center;
    justify-content: center;
    padding: 0;
  }
}

@media (max-width:768px) {
  .c7 {
    display: none;
  }
}

@media (max-width:768px) {
  .c8 {
    display: none;
  }
}

@media screen and (min-width:768px) {
  .c13 {
    -webkit-flex-wrap: nowrap;
    -ms-flex-wrap: nowrap;
    flex-wrap: nowrap;
    -webkit-box-pack: justify;
    -webkit-justify-content: space-between;
    -ms-flex-pack: justify;
    justify-content: space-between;
    margin: 0 7%;
    margin-left: 50px;
    padding: 0 5%;
    padding-left: 0;
  }
}

@media screen and (min-width:768px) {
  .c15 {
    margin: 40px 0 20px 40px;
  }
}

@media screen and (min-width:768px) {
  .c16 {
    max-width: 70%;
    margin-left: 50px;
    margin-right: auto;
  }
}

@media screen and (min-width:576px) {
  .c9 {
    -webkit-box-pack: justify;
    -webkit-justify-content: space-between;
    -ms-flex-pack: justify;
    justify-content: space-between;
    -webkit-flex-wrap: nowrap;
    -ms-flex-wrap: nowrap;
    flex-wrap: nowrap;
    gap: 0;
    padding: 0 56px;
  }
}

@media screen and (min-width:992px) {
  .c0 {
    grid-template-areas: 'header header' 'content content' 'footer footer';
    grid-template-rows: var(--header-height,160px) 1fr auto;
    -ms-grid-columns: 1fr;
    grid-template-columns: minmax(0,1fr);
    min-height: 100vh;
  }
}

@media screen and (min-width:1200px) {
  .c0 {
    grid-template-areas: 'header header' 'content content' 'footer footer';
    grid-template-rows: var(--header-height,160px) 1fr auto;
    -ms-grid-columns: auto 1fr;
    grid-template-columns: 0 minmax(0,1fr);
  }
}

@media screen and (min-width:768px) {
  .c10 {
    padding: 32px 60px 20px;
  }
}

@media screen and (min-width:992px) {
  .c10 {
    padding: 32px 30px 40px;
  }
}

@media screen and (min-width:1200px) {
  .c10 {
    padding: 40px 60px 40px;
  }
}

@media screen and (min-width:768px) {

}

@media screen and (min-width:992px) {
  .c11 {
    margin-top: 0;
  }
}

@media screen and (min-width:1200px) {
  .c12 {
    -ms-grid-column: 2;
  }
}

<div
    class="c0"
  >
    <header
      class="c1"
    >
      <div
        class="header"
      >
        <div
          class="c2"
        >
          <a
            class="c3"
            href="/uk"
          >
            <div
              class="c4"
            >
              <img
                alt="ClearBank"
                src=""
              />
            </div>
          </a>
          <div
            class="c5"
          >
            <button
              aria-label="Search documentation"
              class="c6"
              data-cy="search-trigger"
              type="button"
            >
              <svg
                aria-hidden="true"
                fill="none"
                focusable="false"
                viewBox="0 0 20 20"
                xmlns="http://www.w3.org/2000/svg"
              >
                <path
                  d="M9 17A8 8 0 1 0 9 1a8 8 0 0 0 0 16zM19 19l-4.35-4.35"
                  stroke="currentColor"
                  stroke-linecap="round"
                  stroke-linejoin="round"
                  stroke-width="1.5"
                />
              </svg>
              <span
                class="c7"
              >
                Search docs…
              </span>
              <kbd
                class="c8"
              >
                Ctrl K
              </kbd>
            </button>
            <label
              class="region-switch"
            >
              <span
                class="region-switch-row"
              >
                <span
                  class="react-toggle-label"
                >
                  <strong>
                    API Region
                  </strong>
                </span>
                <span
                  class="region-switch-toggle-wrapper"
                >
                  <div
                    class="react-toggle"
                  >
                    <div
                      class="react-toggle-track"
                    >
                      <div
                        class="react-toggle-track-check"
                      />
                      <div
                        class="react-toggle-track-x"
                      />
                    </div>
                    <div
                      class="react-toggle-thumb"
                    />
                    <input
                      class="react-toggle-screenreader-only"
                      type="checkbox"
                    />
                  </div>
                  <span
                    class="region-switch-caption"
                  >
                    UK      EU
                  </span>
                </span>
              </span>
            </label>
          </div>
        </div>
      </div>
      <div
        class="c9"
      />
    </header>
    <article
      class="c10"
    >
      <main
        class="c11"
      >
        &lt;div&gt;&lt;/div&gt;
      </main>
    </article>
    <footer
      class="c12"
    >
      <div
        class="css-1y75s01"
        role="contentinfo"
      >
        <div
          class="c13"
        />
        <div
          class="c14"
        >
          <div
            class="c15"
          >
            <div
              class="c4"
            >
              <img
                alt="ClearBank"
                src=""
              />
            </div>
          </div>
          <p
            class="c16 long-primer"
          />
          <h5>
            Copyright © ClearBank Limited 2026. All rights reserved.
          </h5>
          ClearBank Limited is authorised by the Prudential Regulation Authority and regulated by the Financial Conduct Authority and the Prudential Regulation Authority (FRN: 754568). Registered in England and Wales under Company Number 09736376. Registered Address:  ClearBank Limited, Level 27, The Broadgate Tower, 20 Primrose Street, London, United Kingdom, EC2A 2EW.
          <br />
          <br />
          ClearBank Limited is a subscriber to the 
          <a
            href="https://www.wearepay.uk/what-we-do/payment-systems/access-to-payment-systems/code-of-conduct-for-indirect-access-providers/"
            rel="noopener noreferrer"
            target="_blank"
          >
            Code of Conduct for Indirect Access Providers
          </a>
           in respect of the indirect access services which it provides to its customers.
          <br />
          <br />
          ClearBank Europe N.V. is authorised by the European Central Bank and regulated by De Nederlandsche Bank. ClearBank Europe N.V. is registered at the Chamber of Commerce Amsterdam Trade Registry under number 89463366. Registered address: ClearBank Europe N.V., Keizersgracht 391A, 1016 EJ Amsterdam. VAT ID is NL864989829B01.
          <br />
          <br />
          ClearBank Group Holdings Limited is a Prudential Regulation Authority approved parent holding company (FRN: 987231). Registered in England and Wales under Company Number 14254435. Registered Address: ClearBank Group Holdings Limited, Level 27, The Broadgate Tower, 20 Primrose Street, London, United Kingdom, EC2A 2EW.
          <p />
        </div>
      </div>
    </footer>
    <div
      class="c17"
    >
      <button
        class="c18 c19"
      >
        <i
          class="c20 c21 cb-icon-arrow-up"
        />
      </button>
    </div>
  </div>
</DocumentFragment>
`;
