// Jest Snapshot v1, https://goo.gl/fbAQLP

exports[`Component matches snapshot 1`] = `
<DocumentFragment>
  .c2 {
  display: -webkit-box;
  display: -webkit-flex;
  display: -ms-flexbox;
  display: flex;
  width: 100%;
  min-height: 60px;
  -webkit-align-items: center;
  -webkit-box-align: center;
  -ms-flex-align: center;
  align-items: center;
  -webkit-box-pack: justify;
  -webkit-justify-content: space-between;
  -ms-flex-pack: justify;
  justify-content: space-between;
  position: relative;
}

.c5 {
  display: block;
  z-index: 100;
  width: auto;
  -webkit-flex-basis: 44px;
  -ms-flex-preferred-size: 44px;
  flex-basis: 44px;
  margin: 5px 15px;
}

.c3 {
  display: -webkit-box;
  display: -webkit-flex;
  display: -ms-flexbox;
  display: flex;
  height: 100%;
  padding: 40px 14px 40px 60px;
  -webkit-align-items: center;
  -webkit-box-align: center;
  -ms-flex-align: center;
  align-items: center;
}

.c3 svg {
  display: block;
  width: 244px;
}

.c6 {
  border: none;
  background: none;
  cursor: pointer;
  padding: 0;
  outline: none;
}

.c4 {
  width: 100%;
}

.c12 {
  display: -webkit-box;
  display: -webkit-flex;
  display: -ms-flexbox;
  display: flex;
  -webkit-box-pack: justify;
  -webkit-justify-content: space-between;
  -ms-flex-pack: justify;
  justify-content: space-between;
  margin: 0 7%;
  margin-left: 50px;
  padding: 0 5%;
  padding-left: 0;
  border-bottom: 1px solid #D4D2E3;
}

.c14 {
  max-width: 170px;
  display: block;
  margin: 40px 0px 20px 40px;
}

.c13 {
  text-align: center;
  margin-bottom: 40px;
}

.c15 {
  max-width: 70%;
  margin-left: 50px;
  margin-right: auto;
  text-align: left;
  color: #6C7F98;
}

.c16 {
  position: fixed;
  bottom: 40px;
  right: 10px;
  will-change: visibility,opacity,transition;
  cursor: default;
  visibility: hidden;
  opacity: 0;
  -webkit-transition: visibility 0s linear 0.5s, opacity 0.5s;
  transition: visibility 0s linear 0.5s, opacity 0.5s;
}

.c18 {
  width: 60px;
  height: 60px;
  border: none;
  border-radius: 50%;
  text-align: center;
  box-shadow: 0 5px 10px 0 rgba(73,151,222,0.2);
  background: #fff;
  color: #000000;
  overflow: hidden;
  outline: none;
  cursor: inherit;
  -webkit-transition: all 0.5s;
  transition: all 0.5s;
}

.c18:hover {
  background: #000000;
  color: #fff;
}

.c18:focus,
.c18:active {
  background: #0B2145;
  color: #fff;
}

.c20 {
  display: block;
  font-size: 24px;
}

.c17:hover .c19 {
  -webkit-animation: hQVSJM 0.15s ease-in, dSelxZ 0.15s 0.15s ease-out;
  animation: hQVSJM 0.15s ease-in, dSelxZ 0.15s 0.15s ease-out;
}

.c7 {
  display: -webkit-box;
  display: -webkit-flex;
  display: -ms-flexbox;
  display: flex;
  -webkit-box-pack: justify;
  -webkit-justify-content: space-between;
  -ms-flex-pack: justify;
  justify-content: space-between;
  margin: 0px 75px;
}

.c0 {
  position: relative;
  display: -ms-grid;
  display: grid;
  grid-template-areas: 'header' 'sidebarRight' 'content' 'footer';
  grid-template-rows: 220px 1fr auto auto;
  grid-template-columns: 1fr;
  min-height: 95vh;
}

.c1 {
  grid-area: header;
  -ms-grid-column: 1;
  -ms-grid-column-span: 3;
  -ms-grid-row: 1;
  position: fixed;
  left: 0;
  right: 0;
  background: #fff;
  z-index: 1;
}

.c8 {
  grid-area: content;
  -ms-grid-column: 2;
  -ms-grid-row: 2;
  display: -webkit-box;
  display: -webkit-flex;
  display: -ms-flexbox;
  display: flex;
  padding: 20px;
  min-width: 0;
}

.c10 {
  max-width: 380px;
  grid-area: sidebarRight;
  -ms-grid-column: 3;
  -ms-grid-row: 2;
}

.c9 {
  -webkit-flex: 1 1 auto;
  -ms-flex: 1 1 auto;
  flex: 1 1 auto;
  margin-top: 0;
  min-width: 0;
}

.c11 {
  grid-area: footer;
  -ms-grid-column: 2;
  -ms-grid-column-span: 2;
  -ms-grid-row: 3;
}

@media (min-width:992px) {
  .c2 {
    width: 270px;
    -webkit-box-flex: 0;
    -webkit-flex-grow: 0;
    -ms-flex-positive: 0;
    flex-grow: 0;
  }
}

@media only screen and (min-width:992px) {
  .c5 {
    display: none;
  }
}

@media screen and (min-width:992px) {
  .c0 {
    grid-template-areas: 'header header  header' 'content content sidebarRight' 'footer footer  footer';
    grid-template-rows: 220px 1fr auto;
    -ms-grid-columns: 1fr auto;
    grid-template-columns: 1fr auto;
    min-height: 100vh;
  }
}

@media screen and (min-width:1800px) {
  .c0 {
    -ms-grid-columns: 1fr auto;
    grid-template-columns: 1200px 1fr;
  }
}

@media screen and (min-width:768px) {
  .c8 {
    padding: 20px 60px;
  }
}

@media screen and (min-width:992px) {
  .c8 {
    padding: 40px 30px 40px 30px;
  }
}

@media screen and (min-width:1200px) {
  .c8 {
    padding: 40px 60px 40px 60px;
  }
}

@media screen and (min-width:768px) {

}

@media screen and (min-width:992px) {
  .c9 {
    margin-top: 0;
  }
}

<div
    class="c0"
  >
    <header
      class="c1"
    >
      <div
        class="header"
      >
        <div
          class="c2"
        >
          <a
            class="c3"
            href="/"
          >
            <div
              class="c4"
            >
              <img
                alt="ClearBank"
                src=""
              />
            </div>
          </a>
          <div
            class="c5"
            data-cy="burger-menu"
          >
            <button
              class="c6"
            >
              <div />
            </button>
          </div>
        </div>
      </div>
      <div
        class="c7"
      />
    </header>
    <article
      class="c8"
    >
      <main
        class="c9"
      >
        &lt;div&gt;&lt;/div&gt;
      </main>
    </article>
    <aside
      class="c10"
    />
    <footer
      class="c11"
    >
      <div
        class="css-1y75s01"
        role="contentinfo"
      >
        <div
          class="c12"
        />
        <div
          class="c13"
        >
          <div
            class="c14"
          >
            <div
              class="c4"
            >
              <img
                alt="ClearBank"
                src=""
              />
            </div>
          </div>
          <p
            class="c15 long-primer"
          >
            Copyright © ClearBank Ltd 2023. All rights reserved.
            <br />
            Copyright ClearBank Ltd. Authorised by the Prudential Regulation Authority and regulated by the Financial Conduct Authority and the Prudential Regulation Authority (Financial Services Register number: 754568). Registered Address: ClearBank, Borough Yards, 13 Dirty Lane, London, SE1 9PA.
            <br />
            ClearBank® provides customers with a Definitive Services Agreement, which covers the provision of indirect access services.  
            <a
              href="https://www.wearepay.uk/what-we-do/payment-systems/access-to-payment-systems/code-of-conduct-for-indirect-access-providers/"
              rel="noopener noreferrer"
              target="_blank"
            >
              Code of Conduct for Indirect Access Providers.
            </a>
          </p>
        </div>
      </div>
    </footer>
    <div
      class="c16"
    >
      <button
        class="c17 c18"
      >
        <i
          class="c19 c20 cb-icon-arrow-up"
        />
      </button>
    </div>
  </div>
</DocumentFragment>
`;
