// Jest Snapshot v1, https://goo.gl/fbAQLP

exports[`Component matches snapshot 1`] = `
<DocumentFragment>
  .c0 {
  margin-bottom: 40px;
}

.c2 {
  padding: 20px;
  border: 1px solid #E0E0E0;
  border-radius: 4px;
}

.c1 + .c1 {
  margin-top: 16px;
}

.c3 {
  display: inline-block;
  font-size: 16px;
  font-weight: 700;
  color: #0B2145;
}

.c4 {
  margin: 8px 0 12px;
  font-family: clear-sans-text,arial,sans-serif;
  font-size: 14px;
  color: #6C6c6c;
}

.c5 {
  padding: 0;
  margin: 0;
  list-style: none;
}

.c7 {
  margin: 0;
  font-size: 15px;
  line-height: 28px;
}

.c6 + .c6 {
  margin-top: 6px;
}

.c8 {
  display: inline-block;
  min-width: 56px;
  margin-right: 10px;
  font-weight: 700;
  text-transform: uppercase;
  color: #00CF8A;
}

.c10 {
  display: inline-block;
  min-width: 56px;
  margin-right: 10px;
  font-weight: 700;
  text-transform: uppercase;
  color: #45B0FF;
}

.c9 {
  font-family: clear-sans-text,"Roboto Mono",monospace;
  color: #0B2145;
}

<div
    class="c0"
  >
    <div
      class="c1 c2"
    >
      <code
        class="c3"
      >
        external-events:fraud-prevention:create
      </code>
      <p
        class="c4"
      >
        Resource: external-events:fraud-prevention — Action: create
      </p>
      <ul
        class="c5"
      >
        <li
          class="c6 c7"
        >
          <span
            class="c8"
            type="POST"
          >
            POST
          </span>
          <span
            class="c9"
          >
            /fraud-prevention/{version}/customers/{customerId}/credential-updated
          </span>
        </li>
        <li
          class="c6 c7"
        >
          <span
            class="c8"
            type="POST"
          >
            POST
          </span>
          <span
            class="c9"
          >
            /fraud-prevention/{version}/customers/{customerId}/authentication-attempted
          </span>
        </li>
      </ul>
    </div>
    <div
      class="c1 c2"
    >
      <code
        class="c3"
      >
        apis:test:read
      </code>
      <p
        class="c4"
      >
        Resource: apis:test — Action: read
      </p>
      <ul
        class="c5"
      >
        <li
          class="c6 c7"
        >
          <span
            class="c10"
            type="GET"
          >
            GET
          </span>
          <span
            class="c9"
          >
            /apis/v1/test/
          </span>
        </li>
      </ul>
    </div>
    <div
      class="c1 c2"
    >
      <code
        class="c3"
      >
        webhooks:test:create
      </code>
      <p
        class="c4"
      >
        Resource: webhooks:test — Action: create
      </p>
      <ul
        class="c5"
      >
        <li
          class="c6 c7"
        >
          <span
            class="c8"
            type="POST"
          >
            POST, PUT
          </span>
          <span
            class="c9"
          >
            /webhooks/v1/test/
          </span>
        </li>
      </ul>
    </div>
    <div
      class="c1 c2"
    >
      <code
        class="c3"
      >
        webhooks:signature-keys:read
      </code>
      <p
        class="c4"
      >
        Resource: webhooks:signature-keys — Action: read
      </p>
      <ul
        class="c5"
      >
        <li
          class="c6 c7"
        >
          <span
            class="c10"
            type="GET"
          >
            GET
          </span>
          <span
            class="c9"
          >
            /webhooks/v1/signature-keys
          </span>
        </li>
        <li
          class="c6 c7"
        >
          <span
            class="c10"
            type="GET"
          >
            GET
          </span>
          <span
            class="c9"
          >
            /webhooks/v1/signature-keys/{keyId}
          </span>
        </li>
      </ul>
    </div>
    <div
      class="c1 c2"
    >
      <code
        class="c3"
      >
        webhooks:signature-keys:create
      </code>
      <p
        class="c4"
      >
        Resource: webhooks:signature-keys — Action: create
      </p>
      <ul
        class="c5"
      >
        <li
          class="c6 c7"
        >
          <span
            class="c8"
            type="POST"
          >
            POST
          </span>
          <span
            class="c9"
          >
            /webhooks/v1/signature-keys/{keyId}
          </span>
        </li>
      </ul>
    </div>
  </div>
</DocumentFragment>
`;
