// Jest Snapshot v1, https://goo.gl/fbAQLP

exports[`Component matches snapshot with enum array and status as a required field 1`] = `
.c0 {
  padding: 15px 0 15px 20px;
  border-top: dashed 1px #E0E0E0;
}

.c2 {
  font-size: 13px;
  color: #178880;
  font-family: clear-sans-text,"Roboto Mono",monospace;
}

.c1 {
  font-size: 15px;
  font-weight: bold;
  font-family: clear-sans-text,"Roboto Mono",monospace;
  text-transform: capitalize;
  color: #000000;
}

.c3 {
  font-size: 13px;
  text-transform: uppercase;
  color: #D00202;
  font-family: clear-sans-text,"Roboto Mono",monospace;
}

.c4 {
  margin-bottom: 0;
  font-size: 16px;
  word-wrap: break-word;
}

.c5 {
  display: -webkit-box;
  display: -webkit-flex;
  display: -ms-flexbox;
  display: flex;
  line-height: 1.5;
  font-size: 13px;
  font-family: clear-sans-text,"Roboto Mono",monospace;
  color: #000000;
}

.c6 {
  -webkit-flex: 0 1 auto;
  -ms-flex: 0 1 auto;
  flex: 0 1 auto;
  white-space: nowrap;
}

.c6::after {
  content: ':';
  padding-right: 5px;
}

.c7 {
  -webkit-flex: 1 0 0;
  -ms-flex: 1 0 0;
  flex: 1 0 0;
}

.c7::before {
  content: '[';
}

.c7::after {
  content: ']';
}

<li
  class="c0"
>
  <span
    class="c1 great-primer"
  >
    status
  </span>
  <span
    class="c2"
  >
     
    string
  </span>
  ,
    
  <span
    class="c3"
  >
    Required
  </span>
  <p
    class="c4"
  />
  <p
    class="c4"
  >
    The status of the account.
  </p>
  <dl
    class="c5"
  >
    <dt
      class="c6"
    >
      Enum array
    </dt>
    <dd
      class="c7"
    >
      NotProvided, Enabled, Closed, Suspended
    </dd>
  </dl>
</li>
`;
